{
  "errors": [
    {
      "code": "not_found",
      "detail": "Iteration with id '00000000-0000-0000-0000-000000000001' not found",
      "id": "IGNORE_ME",
      "status": "404",
      "title": "Not found error"
    }
  ]
}