{
  "Content-Type": [
    "application/vnd.api+json"
  ],
  "Location": [
    "http:///api/iterations/00000000-0000-0000-0000-000000000001"
  ]
}