{
  "data": {
    "attributes": {
      "description": "Some description",
      "endAt": "2105-12-09T15:04:00Z",
      "name": "Sprint #21",
      "startAt": "2006-01-02T15:04:00Z"
    },
    "type": "iterations"
  }
}